{
    "templates_count": 0,
    "hosts_count": 0,
    "last_sync": null,
    "connection_status": "error"
}