{
    "history_reduction_days": 358,
    "trends_reduction_days": 700,
    "history_reduction_percentage": 98.08,
    "trends_reduction_percentage": 95.89
}