{
    "user_id": 1,
    "zabbix_connection_id": 1,
    "action": "test_action",
    "resource_type": "connection",
    "resource_id": "test-id-123",
    "old_values": {
        "name": "Old Name"
    },
    "new_values": {
        "name": "New Name"
    },
    "status": "success",
    "execution_time_ms": 100,
    "ip_address": "127.0.0.1",
    "user_agent": "Test Agent",
    "created_at": "2025-01-01 00:00:00"
}